\BOOKMARK [1][-]{section.1}{\376\377\000I\000n\000t\000r\000o\000d\000u\000c\000t\000i\000o\000n}{}% 1
\BOOKMARK [2][-]{subsection.1.1}{\376\377\000D\000a\000t\000a\000\040\000S\000o\000u\000r\000c\000e}{section.1}% 2
\BOOKMARK [2][-]{subsection.1.2}{\376\377\000P\000r\000o\000j\000e\000c\000t\000\040\000S\000t\000r\000u\000c\000t\000u\000r\000e}{section.1}% 3
\BOOKMARK [2][-]{subsection.1.3}{\376\377\000P\000r\000o\000j\000e\000c\000t\000\040\000S\000t\000r\000u\000c\000t\000u\000r\000e}{section.1}% 4
\BOOKMARK [2][-]{subsection.1.4}{\376\377\000C\000o\000n\000c\000e\000p\000t\000s\000\040\000A\000p\000p\000l\000i\000e\000d}{section.1}% 5
\BOOKMARK [1][-]{section.2}{\376\377\000P\000h\000a\000s\000e\000\040\000A\000:\000\040\000S\000e\000t\000u\000p}{}% 6
\BOOKMARK [1][-]{section.3}{\376\377\000P\000h\000a\000s\000e\000\040\000B\000:\000\040\000D\000a\000t\000a\000\040\000E\000x\000p\000l\000o\000r\000a\000t\000i\000o\000n}{}% 7
\BOOKMARK [2][-]{subsection.3.1}{\376\377\000B\0001\000\040\040\023\000\040\000L\000o\000a\000d\000\040\000a\000n\000d\000\040\000I\000n\000s\000p\000e\000c\000t\000\040\000\050\0000\0001\000\137\000l\000o\000a\000d\000\137\000e\000x\000p\000l\000o\000r\000e\000.\000p\000y\000\051}{section.3}% 8
\BOOKMARK [2][-]{subsection.3.2}{\376\377\000B\0002\000\040\040\023\000\040\000S\000u\000m\000m\000a\000r\000y\000\040\000S\000t\000a\000t\000i\000s\000t\000i\000c\000s\000\040\000\050\0000\0002\000\137\000s\000u\000m\000m\000a\000r\000y\000\137\000s\000t\000a\000t\000s\000.\000p\000y\000\051}{section.3}% 9
\BOOKMARK [1][-]{section.4}{\376\377\000P\000h\000a\000s\000e\000\040\000C\000:\000\040\000O\000u\000t\000l\000i\000e\000r\000\040\000I\000n\000v\000e\000s\000t\000i\000g\000a\000t\000i\000o\000n\000\040\000\050\000C\000\137\000o\000u\000t\000l\000i\000e\000r\000\137\000i\000n\000v\000e\000s\000t\000i\000g\000a\000t\000i\000o\000n\000.\000p\000y\000\051}{}% 10
\BOOKMARK [1][-]{section.5}{\376\377\000P\000h\000a\000s\000e\000\040\000D\000:\000\040\000U\000n\000i\000v\000a\000r\000i\000a\000t\000e\000\040\000D\000i\000s\000t\000r\000i\000b\000u\000t\000i\000o\000n\000\040\000A\000n\000a\000l\000y\000s\000i\000s}{}% 11
\BOOKMARK [2][-]{subsection.5.1}{\376\377\000D\0001\000:\000\040\000I\000n\000c\000u\000b\000a\000t\000i\000o\000n\000\040\000D\000a\000y\000s\000\040\000\050\000D\0001\000\137\000i\000n\000c\000u\000b\000a\000t\000i\000o\000n\000\137\000d\000a\000y\000s\000.\000p\000y\000\051}{section.5}% 12
\BOOKMARK [2][-]{subsection.5.2}{\376\377\000D\0002\000:\000\040\000H\000o\000s\000p\000i\000t\000a\000l\000\040\000D\000a\000y\000s\000\040\000\050\000D\0002\000\137\000h\000o\000s\000p\000i\000t\000a\000l\000\137\000d\000a\000y\000s\000.\000p\000y\000,\000\040\000D\0002\000b\000\137\000h\000o\000s\000p\000i\000t\000a\000l\000\137\000i\000n\000v\000e\000s\000t\000i\000g\000a\000t\000i\000o\000n\000.\000p\000y\000\051}{section.5}% 13
\BOOKMARK [2][-]{subsection.5.3}{\376\377\000D\0003\000:\000\040\000I\000C\000U\000\040\000D\000a\000y\000s\000\040\000\050\000D\0003\000\137\000i\000c\000u\000\137\000d\000a\000y\000s\000.\000p\000y\000,\000\040\000D\0003\000b\000\137\000i\000c\000u\000\137\000i\000n\000v\000e\000s\000t\000i\000g\000a\000t\000i\000o\000n\000.\000p\000y\000\051}{section.5}% 14
\BOOKMARK [2][-]{subsection.5.4}{\376\377\000D\0004\000:\000\040\000A\000v\000e\000r\000a\000g\000e\000\040\000T\000e\000m\000p\000e\000r\000a\000t\000u\000r\000e\000\040\000\050\000D\0004\000\137\000a\000v\000g\000\137\000t\000e\000m\000p\000\137\000c\000.\000p\000y\000\051}{section.5}% 15
\BOOKMARK [2][-]{subsection.5.5}{\376\377\000D\0005\000:\000\040\000R\000a\000i\000n\000f\000a\000l\000l\000\040\000\050\000D\0005\000\137\000r\000a\000i\000n\000f\000a\000l\000l\000\137\000m\000m\000.\000p\000y\000\051}{section.5}% 16
\BOOKMARK [2][-]{subsection.5.6}{\376\377\000D\0006\000:\000\040\000R\000o\000d\000e\000n\000t\000\040\000A\000b\000u\000n\000d\000a\000n\000c\000e\000\040\000\050\000D\0006\000\137\000r\000o\000d\000e\000n\000t\000\137\000a\000b\000u\000n\000d\000a\000n\000c\000e\000.\000p\000y\000\051}{section.5}% 17
\BOOKMARK [2][-]{subsection.5.7}{\376\377\000D\0007\000:\000\040\000C\000o\000n\000f\000i\000r\000m\000e\000d\000\040\000C\000a\000s\000e\000s\000\040\000\050\000D\0007\000\137\000c\000o\000n\000f\000i\000r\000m\000e\000d\000\137\000c\000a\000s\000e\000s\000.\000p\000y\000\051}{section.5}% 18
\BOOKMARK [2][-]{subsection.5.8}{\376\377\000D\0008\000:\000\040\000C\000a\000s\000e\000\040\000F\000a\000t\000a\000l\000i\000t\000y\000\040\000R\000a\000t\000e\000\040\000\050\000D\0008\000\137\000c\000f\000r\000.\000p\000y\000\051}{section.5}% 19
\BOOKMARK [1][-]{section.6}{\376\377\000P\000h\000a\000s\000e\000\040\000E\000:\000\040\000C\000o\000m\000p\000a\000r\000a\000t\000i\000v\000e\000\040\000A\000n\000a\000l\000y\000s\000i\000s}{}% 20
\BOOKMARK [2][-]{subsection.6.1}{\376\377\000E\0001\000\040\040\023\000\040\000C\000o\000m\000p\000a\000r\000a\000t\000i\000v\000e\000\040\000V\000i\000o\000l\000i\000n\000s\000\040\000\050\000E\0001\000\137\000c\000o\000m\000p\000a\000r\000a\000t\000i\000v\000e\000\137\000v\000i\000o\000l\000i\000n\000s\000.\000p\000y\000\051}{section.6}% 21
\BOOKMARK [2][-]{subsection.6.2}{\376\377\000E\0002\000\040\040\023\000\040\000B\000a\000r\000\040\000C\000h\000a\000r\000t\000\040\000C\000r\000i\000t\000i\000q\000u\000e\000\040\000\050\000E\0002\000\137\000b\000a\000r\000\137\000c\000h\000a\000r\000t\000\137\000c\000r\000i\000t\000i\000q\000u\000e\000.\000p\000y\000\051}{section.6}% 22
\BOOKMARK [1][-]{section.7}{\376\377\000M\000a\000s\000t\000e\000r\000\040\000S\000u\000m\000m\000a\000r\000y\000\040\000T\000a\000b\000l\000e}{}% 23
\BOOKMARK [1][-]{section.8}{\376\377\000K\000e\000y\000\040\000L\000e\000s\000s\000o\000n\000s}{}% 24
\BOOKMARK [2][-]{subsection.8.1}{\376\377\000S\000t\000a\000t\000i\000s\000t\000i\000c\000a\000l}{section.8}% 25
\BOOKMARK [2][-]{subsection.8.2}{\376\377\000V\000i\000s\000u\000a\000l\000i\000z\000a\000t\000i\000o\000n}{section.8}% 26
\BOOKMARK [2][-]{subsection.8.3}{\376\377\000E\000p\000i\000d\000e\000m\000i\000o\000l\000o\000g\000i\000c\000a\000l}{section.8}% 27
